// Jest Snapshot v1, https://goo.gl/fbAQLP

exports[`test on <ResultsComponent /> Should correctly display the component  1`] = `
Object {
  "asFragment": [Function],
  "baseElement": <body>
    <div>
      <div
        class="sc-pVTFL jTcbds"
      >
        <div
          class="sc-jrQzAO cQTAty"
        >
          <span
            class="sc-eCImPb iEwKXH"
          >
            Who starred as Bruce Wayne and Batman in Tim Burton's 1989 movie 'Batman'?
          </span>
          <p
            class="aligned"
            style="color: green;"
          >
            <i
              class="bx bxs-check-circle"
              style="color: green; font-size: 24px;"
            />
             
            Michael Keaton
          </p>
        </div>
        <div
          class="sc-jrQzAO cQTAty"
        >
          <span
            class="sc-eCImPb iEwKXH"
          >
            All of the following are classified as Finno-Ugric languages EXCEPT:
          </span>
          <p
            class="aligned incorrect-icon"
          >
            <i
              class="bx bxs-x-circle"
              style="color: red; font-size: 24px;"
            />
              
            <span
              style="color: red;"
            >
               
              Hungarian
            </span>
          </p>
          <p
            class="aligned"
            style="color: gray;"
          >
            Right answer was: 
            Samoyedic
          </p>
        </div>
      </div>
    </div>
  </body>,
  "container": <div>
    <div
      class="sc-pVTFL jTcbds"
    >
      <div
        class="sc-jrQzAO cQTAty"
      >
        <span
          class="sc-eCImPb iEwKXH"
        >
          Who starred as Bruce Wayne and Batman in Tim Burton's 1989 movie 'Batman'?
        </span>
        <p
          class="aligned"
          style="color: green;"
        >
          <i
            class="bx bxs-check-circle"
            style="color: green; font-size: 24px;"
          />
           
          Michael Keaton
        </p>
      </div>
      <div
        class="sc-jrQzAO cQTAty"
      >
        <span
          class="sc-eCImPb iEwKXH"
        >
          All of the following are classified as Finno-Ugric languages EXCEPT:
        </span>
        <p
          class="aligned incorrect-icon"
        >
          <i
            class="bx bxs-x-circle"
            style="color: red; font-size: 24px;"
          />
            
          <span
            style="color: red;"
          >
             
            Hungarian
          </span>
        </p>
        <p
          class="aligned"
          style="color: gray;"
        >
          Right answer was: 
          Samoyedic
        </p>
      </div>
    </div>
  </div>,
  "debug": [Function],
  "findAllByAltText": [Function],
  "findAllByDisplayValue": [Function],
  "findAllByLabelText": [Function],
  "findAllByPlaceholderText": [Function],
  "findAllByRole": [Function],
  "findAllByTestId": [Function],
  "findAllByText": [Function],
  "findAllByTitle": [Function],
  "findByAltText": [Function],
  "findByDisplayValue": [Function],
  "findByLabelText": [Function],
  "findByPlaceholderText": [Function],
  "findByRole": [Function],
  "findByTestId": [Function],
  "findByText": [Function],
  "findByTitle": [Function],
  "getAllByAltText": [Function],
  "getAllByDisplayValue": [Function],
  "getAllByLabelText": [Function],
  "getAllByPlaceholderText": [Function],
  "getAllByRole": [Function],
  "getAllByTestId": [Function],
  "getAllByText": [Function],
  "getAllByTitle": [Function],
  "getByAltText": [Function],
  "getByDisplayValue": [Function],
  "getByLabelText": [Function],
  "getByPlaceholderText": [Function],
  "getByRole": [Function],
  "getByTestId": [Function],
  "getByText": [Function],
  "getByTitle": [Function],
  "queryAllByAltText": [Function],
  "queryAllByDisplayValue": [Function],
  "queryAllByLabelText": [Function],
  "queryAllByPlaceholderText": [Function],
  "queryAllByRole": [Function],
  "queryAllByTestId": [Function],
  "queryAllByText": [Function],
  "queryAllByTitle": [Function],
  "queryByAltText": [Function],
  "queryByDisplayValue": [Function],
  "queryByLabelText": [Function],
  "queryByPlaceholderText": [Function],
  "queryByRole": [Function],
  "queryByTestId": [Function],
  "queryByText": [Function],
  "queryByTitle": [Function],
  "rerender": [Function],
  "unmount": [Function],
}
`;
